<?xml version="1.0" ?>
<testsuites failures="0" name="TestXML" tests="6" time="0">
	<testsuite name="Character" failures="0"  tests="1" time="0">
		<testcase name=" character initialization" time="0"></testcase>
	</testsuite>

	<testsuite name="Conversions" failures="0"  tests="6" time="0">
		<testcase name="Clamp" time="0"></testcase>
		<testcase name="Conversions on a (3, 3) map" time="0"></testcase>
		<testcase name="Conversions on a (3, 3) map with cell_size" time="0"></testcase>
		<testcase name="Conversions on a (3, 3) map with cell_transform" time="0"></testcase>
		<testcase name="Conversions on a (3, 3) map with object_size" time="0"></testcase>
		<testcase name="Conversions on a (3, 3) map with object_transform" time="0"></testcase>
	</testsuite>

	<testsuite name="Initalization" failures="0"  tests="2" time="0">
		<testcase name="New empty Map" time="0"></testcase>
		<testcase name="New (3, 3) Map" time="0"></testcase>
	</testsuite>

	<testsuite name="Pathfinding" failures="0"  tests="4" time="0">
		<testcase name=" index generation" time="0"></testcase>
		<testcase name="is_occupied" time="0"></testcase>
		<testcase name=" is walkable" time="0"></testcase>
		<testcase name="Get walkable tiles" time="0"></testcase>
	</testsuite>

	<testsuite name="Cursor" failures="0"  tests="4" time="0">
		<testcase name=" mouse click" time="0"></testcase>
		<testcase name=" keyboard movement" time="0"></testcase>
		<testcase name="Set cell" time="0"></testcase>
		<testcase name=" mouse movement" time="0"></testcase>
	</testsuite>

	<testsuite name="Initialization" failures="0"  tests="2" time="0">
		<testcase name="Size and position" time="0"></testcase>
		<testcase name="Get window" time="0"></testcase>
	</testsuite>

</testsuites>